// Jest Snapshot v1, https://goo.gl/fbAQLP

exports[`components/DefaultRadioItem test DefaultRadioItem component 1`] = `
<View
  accessibilityState={
    {
      "busy": undefined,
      "checked": undefined,
      "disabled": undefined,
      "expanded": undefined,
      "selected": undefined,
    }
  }
  accessible={true}
  focusable={false}
  onClick={[Function]}
  onResponderGrant={[Function]}
  onResponderMove={[Function]}
  onResponderRelease={[Function]}
  onResponderTerminate={[Function]}
  onResponderTerminationRequest={[Function]}
  onStartShouldSetResponder={[Function]}
  style={
    [
      {
        "flex": 1,
        "flexDirection": "row",
        "justifyContent": "space-between",
      },
      undefined,
      undefined,
    ]
  }
>
  <Text
    style={
      [
        {
          "color": "#818181",
        },
        undefined,
        undefined,
      ]
    }
  >
    Test Item
  </Text>
  <View
    accessibilityState={
      {
        "busy": undefined,
        "checked": undefined,
        "disabled": false,
        "expanded": undefined,
        "selected": undefined,
      }
    }
    accessibilityValue={
      {
        "max": undefined,
        "min": undefined,
        "now": undefined,
        "text": undefined,
      }
    }
    accessible={true}
    collapsable={false}
    focusable={false}
    onClick={[Function]}
    onResponderGrant={[Function]}
    onResponderMove={[Function]}
    onResponderRelease={[Function]}
    onResponderTerminate={[Function]}
    onResponderTerminationRequest={[Function]}
    onStartShouldSetResponder={[Function]}
    style={
      {
        "alignItems": "center",
        "justifyContent": "center",
        "opacity": 1,
      }
    }
  >
    <View
      style={
        [
          {
            "alignItems": "center",
            "justifyContent": "center",
          },
          {
            "borderColor": "#f88400",
            "borderRadius": 10,
            "borderWidth": 2,
            "height": 20,
            "width": 20,
          },
        ]
      }
    >
      <View
        style={
          [
            {
              "position": "absolute",
            },
            {
              "backgroundColor": "#f88400",
              "borderRadius": 5,
              "height": 10,
              "width": 10,
            },
          ]
        }
      />
    </View>
  </View>
</View>
`;
