// Jest Snapshot v1, https://goo.gl/fbAQLP

exports[`components/DefaultTextInput test DefaultTextInput component 1`] = `
<View>
  <TextInput
    style={
      [
        {
          "color": "#818181",
          "fontSize": 14,
        },
        undefined,
      ]
    }
    value="Test"
  />
</View>
`;
