// Jest Snapshot v1, https://goo.gl/fbAQLP

exports[`components/DefaultCardActions test DefaultCardActions component 1`] = `
<View
  style={
    Array [
      Object {
        "width": "100%",
      },
      Object {
        "borderBottomLeftRadius": 4,
        "borderBottomRightRadius": 4,
        "paddingBottom": 8,
      },
      undefined,
    ]
  }
>
  <View
    style={
      Object {
        "backgroundColor": "orange",
      }
    }
  />
</View>
`;
