// Jest Snapshot v1, https://goo.gl/fbAQLP

exports[`test card component 1`] = `
<View
  style={
    [
      {
        "elevation": 2,
        "shadowColor": "black",
        "shadowOffset": {
          "height": 0.5,
          "width": 0,
        },
        "shadowOpacity": 0.5,
        "shadowRadius": 1,
      },
      undefined,
      {
        "backgroundColor": "#ffffff",
        "borderRadius": 4,
      },
      undefined,
    ]
  }
/>
`;
