// Jest Snapshot v1, https://goo.gl/fbAQLP

exports[`test button component with title 1`] = `
<View
  accessibilityState={
    {
      "busy": undefined,
      "checked": undefined,
      "disabled": false,
      "expanded": undefined,
      "selected": undefined,
    }
  }
  accessibilityValue={
    {
      "max": undefined,
      "min": undefined,
      "now": undefined,
      "text": undefined,
    }
  }
  accessible={true}
  collapsable={false}
  focusable={true}
  onClick={[Function]}
  onResponderGrant={[Function]}
  onResponderMove={[Function]}
  onResponderRelease={[Function]}
  onResponderTerminate={[Function]}
  onResponderTerminationRequest={[Function]}
  onStartShouldSetResponder={[Function]}
  style={
    {
      "alignItems": "center",
      "backgroundColor": "#00ac51",
      "borderColor": "transparent",
      "borderRadius": 4,
      "borderWidth": 0,
      "flexDirection": "row",
      "justifyContent": "center",
      "opacity": 1,
      "paddingHorizontal": 16,
      "paddingVertical": 12,
      "shadowColor": "black",
      "shadowOffset": {
        "height": 1,
        "width": 0,
      },
      "shadowOpacity": 0.2,
      "shadowRadius": 2,
    }
  }
>
  <Text
    style={
      [
        {
          "textAlign": "center",
        },
        {
          "color": "#818181",
          "fontSize": 14,
          "fontWeight": "600",
        },
        {},
        {
          "color": "#ffffff",
        },
      ]
    }
  >
    test
  </Text>
</View>
`;
