// Jest Snapshot v1, https://goo.gl/fbAQLP

exports[`components/DefaultRadioItem test DefaultRadioItem component 1`] = `
<View
  accessibilityState={
    {
      "busy": undefined,
      "checked": undefined,
      "disabled": undefined,
      "expanded": undefined,
      "selected": undefined,
    }
  }
  accessible={true}
  focusable={false}
  onClick={[Function]}
  onResponderGrant={[Function]}
  onResponderMove={[Function]}
  onResponderRelease={[Function]}
  onResponderTerminate={[Function]}
  onResponderTerminationRequest={[Function]}
  onStartShouldSetResponder={[Function]}
  style={
    [
      {
        "flex": 1,
        "flexDirection": "row",
        "justifyContent": "space-between",
      },
      undefined,
      undefined,
    ]
  }
>
  <Text
    style={
      [
        {
          "color": "#818181",
        },
        undefined,
        undefined,
      ]
    }
  >
    Test Item
  </Text>
  <View
    accessibilityState={
      {
        "busy": undefined,
        "checked": undefined,
        "disabled": undefined,
        "expanded": undefined,
        "selected": undefined,
      }
    }
    accessibilityValue={
      {
        "max": undefined,
        "min": undefined,
        "now": undefined,
        "text": undefined,
      }
    }
    accessible={true}
    collapsable={false}
    focusable={false}
    forwardedRef={[Function]}
    onClick={[Function]}
    onResponderGrant={[Function]}
    onResponderMove={[Function]}
    onResponderRelease={[Function]}
    onResponderTerminate={[Function]}
    onResponderTerminationRequest={[Function]}
    onStartShouldSetResponder={[Function]}
    style={
      {
        "opacity": 1,
      }
    }
  >
    <Text
      allowFontScaling={false}
      style={
        [
          {
            "color": undefined,
            "fontSize": 12,
          },
          {
            "color": "#f88400",
            "fontSize": 25,
            "height": 20,
            "lineHeight": 25,
          },
          {
            "fontFamily": "Ionicons",
            "fontStyle": "normal",
            "fontWeight": "normal",
          },
          {},
        ]
      }
    >
      
    </Text>
  </View>
</View>
`;
