// Jest Snapshot v1, https://goo.gl/fbAQLP

exports[`components/DefaultChip test DefaultChip component 1`] = `
<View
  style={
    Array [
      Object {
        "backgroundColor": "#e0e0e0",
      },
      undefined,
      Object {
        "borderRadius": 16,
      },
      undefined,
    ]
  }
>
  Test Text
</View>
`;
