// Jest Snapshot v1, https://goo.gl/fbAQLP

exports[`components/DefaultCardContent test DefaultCardContent component 1`] = `
<View
  style={
    [
      {
        "width": "100%",
      },
      {
        "borderRadius": 4,
      },
      undefined,
    ]
  }
>
  <View
    style={
      {
        "backgroundColor": "orange",
      }
    }
  />
</View>
`;
