// Jest Snapshot v1, https://goo.gl/fbAQLP

exports[`components/DefaultCardHeader test DefaultCardHeader component 1`] = `
<View
  style={
    Array [
      Object {
        "elevation": 1,
        "width": "100%",
      },
      undefined,
      Object {
        "borderTopLeftRadius": 4,
        "borderTopRightRadius": 4,
      },
    ]
  }
>
  <View
    style={
      Object {
        "backgroundColor": "orange",
      }
    }
  />
</View>
`;
