// Jest Snapshot v1, https://goo.gl/fbAQLP

exports[`components/OpacityButton test OpacityButton component 1`] = `
<View
  accessible={true}
  focusable={false}
  onClick={[Function]}
  onResponderGrant={[Function]}
  onResponderMove={[Function]}
  onResponderRelease={[Function]}
  onResponderTerminate={[Function]}
  onResponderTerminationRequest={[Function]}
  onStartShouldSetResponder={[Function]}
  style={
    Object {
      "alignItems": "center",
      "backgroundColor": "#e0e0e0",
      "opacity": 1,
      "padding": 8,
    }
  }
>
  <Text>
    Test Button
  </Text>
</View>
`;
