// Jest Snapshot v1, https://goo.gl/fbAQLP

exports[`layout/MainLayout test MainLayout layout 1`] = `
<RCTSafeAreaView
  style={
    [
      {
        "flex": 1,
      },
      {
        "backgroundColor": "#ffffff",
      },
    ]
  }
>
  <RCTScrollView
    contentContainerStyle={
      {
        "flexGrow": 1,
      }
    }
    contentInsetAdjustmentBehavior="automatic"
    keyboardShouldPersistTaps="handled"
  >
    <View>
      <View
        style={
          {
            "backgroundColor": "orange",
          }
        }
      />
    </View>
  </RCTScrollView>
</RCTSafeAreaView>
`;

exports[`layout/MainLayout test MainLayout layout::footer 1`] = `
<RCTSafeAreaView
  style={
    [
      {
        "flex": 1,
      },
      {
        "backgroundColor": "#ffffff",
      },
    ]
  }
>
  <RCTScrollView
    contentContainerStyle={
      {
        "flexGrow": 1,
      }
    }
    contentInsetAdjustmentBehavior="automatic"
    keyboardShouldPersistTaps="handled"
  >
    <View>
      <View
        style={
          {
            "backgroundColor": "orange",
          }
        }
      />
    </View>
  </RCTScrollView>
  <View
    style={
      {
        "backgroundColor": "orange",
      }
    }
  />
</RCTSafeAreaView>
`;

exports[`layout/MainLayout test MainLayout layout::statusBarBackgroundColor 1`] = `
<RCTSafeAreaView
  style={
    [
      {
        "flex": 1,
      },
      {
        "backgroundColor": "#ffffff",
      },
    ]
  }
>
  <RCTScrollView
    contentContainerStyle={
      {
        "flexGrow": 1,
      }
    }
    contentInsetAdjustmentBehavior="automatic"
    keyboardShouldPersistTaps="handled"
  >
    <View>
      <View
        style={
          {
            "backgroundColor": "orange",
          }
        }
      />
    </View>
  </RCTScrollView>
</RCTSafeAreaView>
`;
