// Jest Snapshot v1, https://goo.gl/fbAQLP

exports[`layout/SafeAreaLayout test SafeAreaLayout layout 1`] = `
<RCTSafeAreaView
  style={
    [
      {
        "flex": 1,
      },
      {
        "backgroundColor": "#ffffff",
      },
    ]
  }
>
  <View
    style={
      {
        "backgroundColor": "orange",
      }
    }
  />
</RCTSafeAreaView>
`;
